[    000000] Initializing cgroup subsys cpuset
[    0.000000] Initializing cgroup subsys cpu
[    0.000000] Initializing cgroup subsys cpuacct
[    0.000000] Linux version 4.4.0-154-generic (buildd@lgw01-amd64-049) (gcc version 5.4.0 20160609 (Ubuntu 5.4.0-6ubuntu1~16.04.10) ) #81Ubuntu SMP Tue Jun 25 05:29:03 UTC 2019 (Ubuntu 4.4.0-154.181-generic 4.4.179)
[    0.000000] Command line: BOOT_IMAGE=/boot/vmlinuz-4.4.0-154-generic root=LABEL=cloudimg-rootfs ro console=tty1 console=ttyS0
[    0.000000] KERNEL supported cpus:
[    0.000000]   Intel GenuineIntel
[    0.000000]   AMD AuthenticAMD
[    0.000000]   Centaur CentaurHauls
[    0.000000] x86/fpu: xstate_offset[2]:  576, xstate_sizes[2]:  256
[    0.000000] x86/fpu: Supporting XSAVE feature 0x01: 'x87 floating point registers'
[    0.000000] x86/fpu: Supporting XSAVE feature 0x02: 'SSE regsters'
[    0.000000] x86/fpu: Supporting XSAE eature 0x04: 'AVX registers'
[    0.00000] x86/fpu: Enabled xstate features 0x7, context size is 832 bytes, using 'standard' format.
[    0.000000] e820: BIOS-provided physical RAM map:
[    0.000000] BIOS-e820: [mem 0x0000000000000000-0x000000000009fbff] usable
[    0.000000] BIOS-e820: [mem 0x000000000009fc00-0x000000000009ffff] reserved
[   0.000000] BIOS-e820: mem 0x00000000000f0000-0x00000000000fffff] reserved
[    0.000000] BIOS-e820: [mem 0x0000000000100000-0x000000003ffeffff] usable
[    0.000000] BIOS-e820: [mem 0x000000003fff0000-0x000000003fffffff] ACPI data
[    0.000000] BIOS-e820: [mem 0x00000000fec00000-0x00000000fec00fff] reserved
[    0.000000] BIOS-e820: [mem 0x00000000fee00000-0x00000000fee00fff] reserved
[    0.000000] BIOS-e820: [mem 0x00000000fffc0000-0x00000000ffffffff] reserved
[    0.000000] NX (Execute Disable) protection: active
[    0.000000] SMBIOS 2.5 present.
[    0.000000] Hypervisor detected: KVM
[    0.000000] e820: last_pfn = 0x3fff0 max_arch_pfn = 0x400000000
[    0.00000] MTRR: Disabled
[    0.000000] x86/PAT: MTRRs disabled, skipping PAT initialization too.
[    0.000000] CPU MTRRs all blank - virtualized system.
[    0.000000] x86/PAT: Configuration [0-7]: WB  WT  UC- UC  WB  WT  UC- UC  
[    0.000000] found SMP MP-table at [mem 0x0009fff0-0x0009ffff] mapped at [ffff88000009fff0]
[    0.000000] Scanning 1 areas for low memory corruption
[    0.000000] RAMDISK: [mem 0x362f8000-0x37173fff]
[   0.000000] ACPI: Early table checksum verification disabled
[    0.000000] ACPI: RSDP 0x00000000000E0000 000024 (v02 VBOX  )
[    0.000000] ACPI: XSDT 0x000000003FFF0030 00003C (v01 VBOX   VBOXXSDT 00000001 ASL  00000061)
[    0.000000] ACPI: FACP 0x000000003FFF00F0 0000F4 (v04 VBOX   VBOXFACP 00000001 ASL  00000061)
[    0.000000] ACPI: DSDT 0x000000003FFF0470 0021FF (v02 VBOX   VBOXBIOS 00000002 INTL 20100528)
[    0.000000] ACPI: FACS 0x000000003FFF0200 000040
[    0.000000] ACPI: FACS 0x000000003FFF0200 000040
[    0.000000] ACPI: APIC 0x000000003FFF0240 00005C (v02 VBOX   VBOXAPIC 00000001 ASL  00000061)
[    0.000000] ACPI: SSDT 0x000000003FFF02A0 0001CC (v01 VBOX   VBOXCPUT 00000002 INTL 20100528)
[    0.000000] No NUMA configuration found
[    0.000000] Faking a node at [mem 0x0000000000000000-0x000000003ffeffff]
[    0.000000] NODE_DATA(0) allocated [mem 0x3ffeb000-0x3ffeffff]
[   0.000000] kvm-clock: Using msrs 4b564d01 and 4b564d00
[    0.000000] kvm-clock: cpu 0, msr 0:3ffe3001, primary cpu clock
[    0.000000] kvm-clock: using sched offset of 8974493236 cycles
[    0.000000] cloksource: kvm-clock: mask: 0xffffffffffffffff max_cycles: 0x1cd42e4dffb, max_idle_ns: 881590591483 ns
[    0.000000] Zone ranges:
[    0.000000]   DMA      [mem 0x0000000000001000-0x0000000000ffffff]
[    0.000000]   DMA32    [mem 0x0000000001000000-0x000000003ffeff]
[    0.000000]   Normal   empty
[    0.00000]   Device   empty
[    0.000000] Movable zone start for each node
[    0.000000] Early memory node ranges
[    0.000000]   node   0: [mem 0x0000000000001000-0x000000000009efff]
[    0.000000]   node   0: [mem 0x0000000000100000-0x000000003ffeffff]
[    0.000000] Initmem setup node 0 [mem 0x0000000000001000-0x000000003ffeffff]
[   0.000000] ACPI: PM-Timer IO Port: 0x4008
[    0.000000] IOAPIC[0]: apic_id 2, version 32, address 0xfec00000, GSI 0-23
[    0.000000] ACPI: INT_SRC_OVR (bus 0 bus_irq 0 globl_rq2 dfl dfl)
[    0.000000] ACPI: INT_SRC_OVR (bus 0 bus_irq 9 global_irq 9 low level)
[    0.000000] Using ACPI (MADT) for SMP configuration information
[    0.000000] smpboot: Allowing 2 CPUs, 0 hotplug CPUs
[    0.000000] PM: Registered nosave memory: [mem 0x00000000-0x00000fff]
[    0.000000] PM: Registered nosave memory: [mem 0x0009f000-0x0009ffff]
[   0.000000] PM: Registered nosave memory: [mem 0x000a0000-0x000effff]
[    0.000000] PM: Registered nosave memory: [mem 0x000f0000-0x000fffff]
[    0.000000] e820: [mem 0x40000000-0xfebfffff] available for PCI devices
[    0.000000] Booting paravirtualized kernel on KVM
[   0.000000] clocksource: refined-jiffies: mask: 0xffffffff max_cycles: 0xffffffff, max_idle_ns: 7645519600211568 ns
[    0.000000] setup_percpu: NR_CPUS:512 nr_cpumask_bits:512 nr_cpu_ids:2 nr_node_ids:1
[    0.000000] PERCPU: Embedded 34 pages/cpu @ffff8803fc00000 s9940 r8192 d315992 u1048576
[  0.000000] Built 1 zonelists in Node order, mobility grouping on.  Total pages: 257912
[    0.000000] Policy zone: DMA32
[    0.000000] Kernel command line: BOOT_IMAGE=/boot/vmlinuz-4.4.0-154-generic root=LABEL=cloudimg-rootfs ro console=tty1 console=ttyS0
[    0.000000] PID hash table entries: 4096 order: 3, 32768 bytes)
[    0.000000] Memory: 997728K/1048120K available (8613K kernel code, 1335K rwdata, 4028K rodata, 1484K init, 1284K bss, 50392K reserved, 0K cma-reserved)
[    0.000000] SLUB: HWalign=64, Order=0-3, MinObjects=0, CPUs=2, Nodes=1
[    0.000000] Kernel/User page tables isolation: enabled
[    0.000000] Hierarchical RCU implementation.
[    0.000000] 	Bld-time adjustment of leaf fanout to 64.
[    0.000000] 	RCU restricting CPUs from NR_CPUS=512 to nr_cpu_ids=2.
[    0.000000] RCU: Adjusting geometry for rcu_fanout_leaf=64, nr_cpu_ids=2
[    0.000000] NR_IRQS:33024 nr_irqs:440 16
[   0.000000] Console: colour VGA+ 80x25
[    0.000000] console [tty1] enabled
[    0.000000] console [ttyS0] enabled
[    0.000000] tsc: Detected 2693.860 MHz processor
[    1.236798] Calibrating delay loop (skipped) preset value.. 5387.72 BogoMIPS (lpj=10775440)
[    1.243566] pid_max: default: 32768 minimum: 301
[    1.258614] ACPI: Core revision 20150930
[    1.275301] ACPI: 2 ACPI AML tables successfully acquired and loaded
[    1.281057] Security Framework initialized
[    1.284233] Yama: becoming mindful.
[    1.287167] AppArmor: AppArmor initialized
[    1.295622] Dentry cache hash table entries: 131072 (order: 8, 1048576 bytes)
[    1.302950] Inode-cache hash table entries: 65536 (order: 7, 524288 bytes)
[    1.314129] Mount-cache hash table entries: 2048 (order: 2, 16384 bytes)
[    1.325630] Mountpoint-cache hash table entries: 2048 (order: 2, 16384 bytes)
[    1.330453] Initializing cgroup subsys io
[    1.333348] Initializing cgroup subsys memory
[    1.336385] Initializing cgroup subsys devices
[    1.339393] Initializing cgroup subsys freezer
[    1.342359] Initializing cgroup subsys net_cls
[    1.345362] Initializing cgroup subsys perf_event
[    1.348528] Initializing cgroup subsys net_prio
[    1.351800] Initializing cgroup subsys hugetlb
[    1.354773] Initializing cgroup subsys pids
[    1.358101] mce: CPU supports 0 MCE banks
[    1.360880] Last level iTLB entries: 4KB 512, 2MB 8, 4MB 8
[    1.364577] Last level dTLB entries: 4KB 512, 2MB 32, 4MB 32, 1GB 0
[    1.368770] Spectre V2 : Mitigation: Full generic retpoline
[    1.372534] Spectre V2 : Spectre v2 / SpectreRSB mitigation: Filling RSB on context switch
[    1.377963] Speculative Store Bypass: Vulnerable
[    1.381218] MDS: Vulnerable: Clear CPU buffers attempted, no microcode
[    1.391815] Freeing SMP alternatives memory: 36K
[    1.401524] ftrace: allocating 32299 entries in 127 pages
[    1.471472] smpboot: APIC(0) Converting physical 0 to logical package 0
[    1.475929] smpboot: Max logical packages: 1
[    1.482923] x2apic enabled
[    1.486316] Switched APIC routing to physical x2apic.
[    1.491225] ..TIMER: vector=0x30 apic1=0 pin1=2 apic2=-1 pin2=-1
[    1.603437] smpboot: CPU0: Intel(R) Core(TM) i5-3330S CPU @ 2.70GHz (family: 0x6, model: 0x3a, stepping: 0x9)
[    1.616537] Performance Events: unsupported p6 CPU model 58 no PMU driver, software events only.
[    1.634624] KVM setup paravirtual spinlock
[    1.638434] x86: Booting SMP configuration:
[    1.641160] .... node  #0, CPUs:      #1
[    1.645928] kvm-clock: cpu 1, msr 0:3ffe3041, secondary cpu clock
[    1.651309] mce: CPU supports 0 MCE banks
[    1.655637] x86: Booted up 1 node, 2 CPUs
[    1.658547] smpboot: Total of 2 processors activated (10775.44 BogoMIPS)
[    1.663776] devtmpfs: initialized
[    1.668378] evm: security.selinux
[    1.670721] evm: security.SMACK64
[    1.673029] evm: security.SMACK64EXEC
[    1.675660] evm: security.SMACK64TRANSMUTE
[    1.678541] evm: security.SMACK64MMAP
[    1.681098] evm: security.ima
[    1.684748] evm: security.capability
[    1.687507] clocksource: jiffies: mask: 0xffffffff max_cycles: 0xffffffff, max_idle_ns: 7645041785100000 ns
[    1.694014] futex hash table entries: 512 (order: 3, 32768 bytes)
[    1.703455] pinctrl core: initialized pinctrl subsystem
[    1.707021] RTC time:  3:35:06, date: 08/16/19
[    1.715940] NET: Registered protocol family 16
[    1.727606] cpuidle: using governor ladder
[    1.739423] cpuidle: using governor menu
[    1.742098] PCCT header not found.
[    1.744609] ACPI: bus type PCI registered
[    1.747295] acpiphp: ACPI Hot Plug PCI Controller Driver version: 0.5
[    1.751894] PCI: Using configuration type 1 for base access
[    1.768768] ACPI: Added _OSI(Module Device)
[    1.771590] ACPI: Added _OSI(Processor Device)
[    1.776890] ACPI: Added _OSI(3.0 _SCP Extensions)
[    1.780090] ACPI: Added _OSI(Processor Aggregator Device)
[    1.787718] ACPI: Executed 1 blocks of module-level executable AML code
[    1.800113] ACPI: Interpreter enabled
[    1.812747] ACPI: (supports S0 S5)
[    1.817569] ACPI: Using IOAPIC for interrupt routing
[    1.824916] PCI: Using host bridge windows from ACPI; if necessary, use "pci=nocrs" and report a bug
[    1.842903] ACPI: PCI Root Bridge [PCI0] (domain 0000 [bus 00-ff])
[    1.850038] acpi PNP0A03:00: _OSC: OS supports [ASPM ClockPM Segments MSI]
[    1.858949] acpi PNP0A03:00: _OSC: not requesting OS control; OS requires [ExtendedConfig ASPM ClockPM MSI]
[    1.870265] acpi PNP0A03:00: fail to add MMCONFIG information, can't access extended PCI configuration space under this bridge.
[    1.882876] PCI host bridge to bus 0000:00
[    1.886552] pci_bus 0000:00: root bus resource [io  0x0000-0x0cf7 window]
[    1.891476] pci_bus 0000:00: root bus resource [io  0x0d00-0xffff window]
[    1.895750] pci_bus 0000:00: root bus resource [mem 0x000a0000-0x000bffff window]
[    1.915817] pci_bus 0000:00: root bus resource [mem 0x40000000-0xfdffffff window]
[    1.920661] pci_bus 0000:00: root bus resource [bus 00-ff]
[    1.936160] pci 0000:00:01.1: legacy IDE quirk: reg 0x10: [io  0x01f0-0x01f7]
[    1.949797] pci 0000:00:01.1: legacy IDE quirk: reg 0x14: [io  0x03f6]
[    1.955082] pci 0000:00:01.1: legacy IDE quirk: reg 0x18: [io  0x0170-0x0177]
[    1.959387] pci 0000:00:01.1: legacy IDE quirk: reg 0x1c: [io  0x0376]
[    1.988972] pci 0000:00:07.0: quirk: [io  0x4000-0x403f] claimed by PIIX4 ACPI
[    2.008772] pci 0000:00:07.0: quirk: [io  0x4100-0x410f] claimed by PIIX4 SMB
[    2.028783] ACPI: PCI Interrupt Link [LNKA] (IRQs 5 9 10 *11)
[    2.034843] ACPI: PCI Interrupt Link [LNKB] (IRQs 5 9 *10 11)
[    2.039852] ACPI: PCI Interrupt Link [LNKC] (IRQs 5 *9 10 11)
[    2.044792] ACPI: PCI Interrupt Link [LNKD] (IRQs 5 9 10 *11)
[    2.049734] ACPI: Enabled 2 GPEs in block 00 to 07
[    2.053547] vgaarb: setting as boot device: PCI:0000:00:02.0
[    2.057324] vgaarb: device added: PCI:0000:00:02.0,decodes=io+mem,owns=io+mem,locks=none
[    2.065054] vgaarb: loaded
[    2.067004] vgaarb: bridge control possible 0000:00:02.0
[    2.070886] SCSI subsystem initialized
[    2.073624] ACPI: bus type USB registered
[    2.076454] usbcore: registered new interface driver usbfs
[    2.080014] usbcore: registered new interface driver hub
[    2.083669] usbcore: registered new device driver usb
[    2.091741] PCI: Using ACPI for IRQ routing
[    2.095349] NetLabel: Initializing
[    2.104524] NetLabel:  domain hash size = 128
[    2.107398] NetLabel:  protocols = UNLABELED CIPSOv4
[    2.112494] NetLabel:  unlabeled traffic allowed by default
[    2.116516] amd_nb: Cannot enumerate AMD northbridges
[    2.119923] clocksource: Switched to clocksource kvm-clock
[    2.133265] AppArmor: AppArmor Filesystem Enabled
[   .136537] pnp: PnP ACPI init
[   2.194326] pnp: PnP ACPI: found 3 devices

[    2.238697] clocksource: acpi_pm: mask: 0xffffff max_cycles: 0xffffff, max_idle_ns: 2085701024 ns
[    2.244625] NET: Registered protocol family 2
[    2.247689] TCP established hash table entries: 8192 (order: 4, 65536 bytes)
[    2.253543] TCP bind hash table entries: 8192 (order: 5, 131072 bytes)
[    2.257880] TCP: Hash tables configured (established 8192 bind 8192)
[    2.262197] UDP hash table entries: 512 (order: 2, 16384 bytes)
[    2.266013] UDP-Lite hash table entries: 512 (order: 2, 16384 bytes)
[    2.270220] NET: Registered protocol family 1
[    2.273054] pci 0000:00:00.0: Limiting direct PCI/PCI transfers
[    2.276907] pci 0000:00:01.0: Activating ISA DMA hang workarounds
[    2.281172] Unpacking initramfs...
[    2.547311] Freeing initrd memory: 14832K
[    2.550459] RAPL PMU detected, API unit is 2^-32 Joules, 3 fixed counters 10737418240 ms ovfl timer
[    2.556357] hw unit of domain pp0-core 2^-0 Joules
[    2.559687] hw unit of domain package 2^-0 Joules
[    2.562838] hw unit of domain pp1-gpu 2^-0 Joules
[    2.566132] clocksource: tsc: mask: 0xffffffffffffffff max_cycles: 0x26d495e7549, max_idle_ns: 440795226485 ns
[    2.572744] platform rtc_cmos: registered platform RTC device (no PNP device found)
[    2.577996] Scanning for low memory corruption every 60 seconds
[    2.590417] audit: initializing netlink subsys (disabled)
[    2.594049] audit: type=2000 audit(1565926516.233:1): initialized
[    2.598434] Initialise system trusted keyring
[    2.607239] HugeTLB registered 2 MB page size, pre-allocated 0 pages
[    2.612828] zbud: loaded
[    2.615312] VFS: Disk quotas dquot_6.6.0
[    2.618098] VFS: Dquot-cache hash table entries: 512 (order 0, 4096 bytes)
[    2.622860] squashfs: version 4.0 (2009/01/31) Phillip Lougher
[    2.627006] fuse init (API version 7.23)
[    2.629967] Key type big_key registered
[    2.632785] Allocating IMA MOK and blacklist keyrings.
[    2.638604] Key type asymmetric registered
[    2.641425] Asymmetric key parser 'x509' registered
[    2.644722] Block layer SCSI generic (bsg) driver version 0.4 loaded (major 249)
[    2.649963] io scheduler noop registered
[    2.652652] io scheduler deadline registered (default)
[    2.656092] io scheduler cfq registered
[    2.658834] pci_hotplug: PCI Hot Plug PCI Core version: 0.5
[    2.663681] pciehp: PCI Express Hot Plug Controller Driver version: 0.4
[    2.672711] ACPI: AC Adapter [AC] (on-line)
[    2.675553] input: Power Button as /devices/LNXSYSTM:00/LNXPWRBN:00/input/input0
[    2.688905] ACPI: Power Button [PWRF]
[    2.691622] input: Sleep Button as /devices/LNXSYSTM:00/LNXSLPBN:00/input/input1
[    2.696703] ACPI: Sleep Button [SLPF]
[    2.699609] GHES: HEST is not enabled!
[    2.702450] Serial: 8250/16550 driver, 32 ports, IRQ sharing enabled
[    2.734273] 00:02: ttyS0 at I/O 0x3f8 (irq = 4, base_baud = 115200) is a 16550A
[    2.744017] Linux agpgart interface v0.103
[    2.750030] loop: module loaded
[    2.759004] scsi host0: ata_piix
[    2.761663] scsi host1: ata_piix
[    2.763940] ata1: PATA max UDMA/33 cmd 0x1f0 ctl 0x3f6 bmdma 0xd000 irq 14
[    2.768481] ata2: PATA max UDMA/33 cmd 0x170 ctl 0x376 bmdma 0xd008 irq 15
[    2.773165] libphy: Fixed MDIO Bus: probed
[    2.776150] tun: Universal TUN/TAP device driver, 1.6
[    2.779286] tun: (C) 1999-2004 Max Krasnyansky <maxk@qualcomm.com>
[    2.783184] PPP generic driver version 2.4.2
[    2.787465] ehci_hcd: USB 2.0 'Enhanced' Host Controller (EHCI) Driver
[    2.797221] ehci-pci: EHCI PCI platform driver
[    2.813636] ehci-platform: EHCI generic platform driver
[    2.825337] ohci_hcd: USB 1.1 'Open' Host Controller (OHCI) Driver
[    2.843208] ohci-pci: OHCI PCI platform driver
[    2.846966] ohci-platform: OHCI generic platform driver
[   .851420] uhci_hcd: USB Universal Host Controller Interface driver
[    2.904780] i8042: PNP: PS/2 Controller [PNP0303:PS2K,PNP0f03:PS2M] at 0x60,0x64 irq 1,12
[   .934183] serio: i8042 KBD port a 0x60,0x64 irq 1
[    3.013225] serio: i8042 AUX port at 0x60,0x64 irq 12

[    3.016572] mousedev: PS/2 mouse device common for all mice
[    3.025155] rtc_cmos rtc_cmos: rtc core: registered rtc_cmos as rtc0
[    3.029422] rtc_cmos rtc_cmos: alarms up to one day, 114 bytes nvram
[    3.033677] input: AT Translated Set 2 keyboard as /devices/platform/i8042/serio0/input/input2
[    3.041903] i2c /dev entries driver
[    3.044502] device-mapper: uevent: version 1.0.3
[    3.047617] device-mapper: ioctl: 4.34.0-ioctl (2015-10-28) initialised: dm-devel@redhat.com
[    3.066955] ledtrig-cpu: registered to indicate activity on CPUs
[    3.074999] NET: Registered protocol family 10
[    3.084835] NET: Registered protocol family 17
[    3.098282] Key type dns_resolver registered
[    3.105550] registered taskstats version 1
[    3.112471] Loading compiled-in X.509 certificates
[    3.115962] Loaded X.509 cert 'Build time autogenerated kernel key: 65139e04a67245b562a838c28b5e7032abdd4348'
[    3.124842] zswap: loaded using pool lzo/zbud
[    3.130293] Key type trusted registered
[    3.136745] Key type encrypted registered
[    3.139148] AppArmor: AppArmor sha1 policy hashing enabled
[    3.146175] ima: No TPM chip found, activating TPM-bypass!
[    3.151351] ima: Allocated hash algorithm: sha1
[    3.154330] evm: HMAC attrs: 0x1
[    3.160381]   Magic number: 15:558:563
[    3.165547] platform Fixed MDIO bus.0: hash matches
[    3.168567] rtc_cmos rtc_cmos: setting system clock to 2019-08-16 03:35:08 UTC (1565926508)
[    3.173863] BIOS EDD facility v0.16 2004-Jun-25, 0 devices found
[    3.181474] EDD information not available.
[    3.185889] Freeing unused kernel memory: 1484K
[    3.200304] Write protecting the kernel read-only data: 14336k
[    3.204564] Freeing unused kernel memory: 1616K
[    3.207351] Freeing unused kernel memory: 68K
Loading, please wait...
starting version[    3.227021] random: systemd-udevd: uninitialized urandom read (16 bytes read, 3 bits of entropy available)
 229
[    3.227733] random: udevadm: uninitialized urandom read (16 bytes read, 3 bits of entropy available)
[    3.227757] random: udevadm: uninitialized urandom read (16 bytes read, 3 bits of entropy available)
[    3.242536] random: udevadm: uninitialized urandom read (16 bytes read, 3 bits of entropy available)
[    3.242587] random: udevadm: uninitialized urandom read (16 bytes read, 3 bits of entropy available)
[    3.242754] random: udevadm: uninitialized urandom read (16 bytes read, 3 bits of entropy available)
[    3.242819] random: udevadm: uninitialized urandom read (16 bytes read, 3 bits of entropy available)
[    3.242882] random: udevadm: uninitialized urandom read (16 bytes read, 3 bits of entropy available)
[    3.242946] random: udevadm: uninitialized urandom read (16 bytes read, 3 bits of entropy available)
[    3.243011] random: udevadm: uninitialized urandom read (16 bytes read, 3 bits of entropy available)
[    3.347484] Fusion MPT base driver 3.04.20
[    3.353498] Copyright (c) 1999-2008 LSI Corporation
[    3.365522] e1000: Intel(R) PRO/1000 Network Driver - version 7.3.21-k8-NAPI
[    3.370047] e1000: Copyright (c) 1999-2006 Intel Corporation.
[    3.378924] AVX version of gcm_enc/dec engaged.
[    3.382072] AES CTR mode by8 optimization enabled
[    3.394724] Fusion MPT SPI Host driver 3.04.20
[    3.579731] input: ImExPS/2 Generic Explorer Mouse as /devices/platform/i8042/serio1/input/input4
[    3.879345] e1000 0000:00:03.0 eth0: (PCI:33MHz:32-bit) 02:cf:25:3b:33:74
[    3.892791] e1000 0000:00:03.0 eth0: Intel(R) PRO/1000 Network Connection
[    3.902566] mptbase: ioc0: Initiating bringup
[    4.740362] ioc0: LSI53C1030 A0: Capabilities={Initiator}
[    5.525085] scsi host2: ioc0: LSI53C1030 A0, FwRev=00000000h, Ports=1, MaxQ=256, IRQ=20
[    5.663750] scsi 2:0:0:0: Direct-Access     VBOX     HARDDISK         1.0  PQ: 0 ANSI: 5
[    5.672048] scsi target2:0:0: Beginning Domain Validation
[    5.682237] scsi target2:0:0: Domain Validation skipping write tests
[    5.688629] scsi target2:0:0: Ending Domain Validation
[    5.692798] scsi target2:0:0: asynchronous
[    5.716225] scsi 2:0:1:0: Direct-Access     VBOX     HARDDISK         1.0  PQ: 0 ANSI: 5
[    5.726366] scsi target2:0:1: Beginning Domain Validation
[    5.744205] scsi target2:0:1: Domain Validation skipping write tests
[    5.761935] scsi target2:0:1: Ending Domain Validation
[    5.765599] scsi target2:0:1: asynchronous
[    5.781171] sd 2:0:0:0: Attached scsi generic sg0 type 0
[    5.787175] sd 2:0:0:0: [sda] 20971520 512-byte logical blocks: (10.7 GB/10.0 GiB)
[    5.793677] sd 2:0:0:0: [sda] Write Protect is off
[    5.797173] sd 2:0:1:0: Attached scsi generic sg1 type 0
[    5.802092] sd 2:0:0:0: [sda] Incomplete mode parameter data
[    5.805701] sd 2:0:0:0: [sda] Assuming drive cache: write through
[    5.810999] sd 2:0:1:0: [sdb] 20480 512-byte logical blocks: (10.5 MB/10.0 MiB)
[    5.836599] sd 2:0:1:0: [sdb] Write Protect is off
[    5.840043] sd 2:0:1:0: [sdb] Incomplete mode parameter data
[    5.844291] sd 2:0:1:0: [sdb] Assuming drive cache: write through
[    5.973787]  sda: sda1
[    5.977034] sd 2:0:0:0: [sda] Attached SCSI disk
[    6.002359] sd 2:0:1:0: [sdb] Attached SCSI disk
[    6.173722] e1000 0000:00:08.0 eth1: (PCI:33MHz:32-bit) 08:00:27:10:8a:a6
[    6.178186] e1000 0000:00:08.0 eth1: Intel(R) PRO/1000 Network Connection
[    6.184441] e1000 0000:00:08.0 enp0s8: renamed from eth1
[    6.196678] e1000 0000:00:03.0 enp0s3: renamed from eth0
Begin: Loading essential drivers ... [    7.597248] md: linear personality registered for level -1
[    7.604327] md: multipath personality registered for level -4
[    7.611323] md: raid0 personality registered for level 0
[    7.621454] md: raid1 personality registered for level 1
[    7.696058] raid6: sse2x1   gen()  7083 MB/s
[    7.764063] raid6: sse2x1   xor()  5524 MB/s
[    7.832116] raid6: sse2x2   gen()  8939 MB/s
[    7.900169] raid6: sse2x2   xor()  6816 MB/s
[    7.967950] raid6: sse2x4   gen() 11605 MB/s
[    8.036138] raid6: sse2x4   xor()  8297 MB/s
[    8.039044] raid6: using algorithm sse2x4 gen() 11605 MB/s
[    8.042594] raid6: .... xor() 8297 MB/s, rmw enabled
[    8.057738] raid6: using ssse3x2 recovery algorithm
[    8.067096] xor: automatically using best checksumming function:
[    8.112007]    avx       : 18405.000 MB/sec
[    8.116653] async_tx: api initialized (async)
[    8.137335] md: raid6 personality registered for level 6
[    8.144024] md: raid5 personality registered for level 5
[    8.147287] md: raid4 personality registered for level 4
[    8.160673] md: raid10 personality registered for level 10
done.
Begin: Running /scripts/init-premount ... done.
Begin: Mounting root file system ... Begin: Running /scripts/local-top ... done.
Begin: Running /scripts/local-premount ... [    8.214446] Btrfs loaded
Scanning for Btrfs filesystems
done.
Warning: fsck not present, so skipping root file system
[    8.406450] EXT4-fs (sda1): mounted filesystem with ordered data mode. Opts: (null)
done.
Begin: Running /scripts/local-bottom ... done.
Begin: Running /scripts/init-bottom ... done.
[    9.487177] systemd[1]: systemd 229 running in system mode. (+PAM +AUDIT +SELINUX +IMA +APPARMOR +SMACK +SYSVINIT +UTMP +LIBCRYPTSETUP +GCRYPT +GNUTLS +ACL +XZ -LZ4 +SECCOMP +BKID +ELFUTILS +KMOD -IDN)
[    9.525681] systemd[1]: Detected virtualization oracle.
[    9.529109] systemd[1]: Detected architecture x86-64.

Welcome to [1mUbuntu 16.04.6 LTS[0m!

[    9.561069] systemd[1]: Set hostname to <ubuntu>.

[    9.611314] systemd[1]: Initializing machine ID from random generator.
[    9.615653] systemd[1]: Installed transient /etc/machine-id file.
[   10.519035] systemd[1]: Listening on udev Kernel Socket.
[[0;32m  OK  [0m] Listening on udev Kernel Socket.
[   10.527605] systemd[1]: Reached target Encrypted Volumes.
[[0;32m  OK  [0m] Reached target Encrypted Volumes.
[   10.536363] systemd[1]: Started Forward Password Requests to Wall Directory Watch.
[[0;32m  OK  [0m] Started Forward Password Requests to Wall Directory Watch.
[   10.547957] systemd[1]: Listening on Syslog Socket.
[[0;32m  OK  [0m] Listening on Syslog Socket.
[   10.556022] systemd[1]: Reached target System Time Synchronized.
[[0;32m  OK  [0m] Reached target System Time Synchronized.
[   10.565087] systemd[1]: Reached target User and Group Name Lookups.
[[0;32m  OK  [0m] Reached target User and Group Name Lookups.
[   10.574951] systemd[1]: Set up automount Arbitrary Executable File Formats File System Automount Point.
[[0;32m  OK  [0m] Set up automount Arbitrary Executab...ats File System Automount Point.
[   10.588231] systemd[1]: Created slice User and Session Slice.
[[0;32m  OK  [0m] Created slice User and Session Slice.
[   10.597228] systemd[1]: Listening on LVM2 metadata daemon socket.
[[0;32m  OK  [0m] Listening on LVM2 metadata daemon socket.
[   10.607360] systemd[1]: Created slice System Slice.
[[0;32m  OK  [0m] Created slice System Slice.
[   10.615779] systemd[1]: Listening on /dev/initctl Compatibility Named Pipe.
[[0;32m  OK  [0m] Listening on /dev/initctl Compatibility Named Pipe.
[   10.626266] systemd[1]: Reached target Slices.
[[0;32m  OK  [0m] Reached target Slices.
[   10.634028] systemd[1]: Listening on Journal Socket (/dev/log).
[[0;32m  OK  [0m] Listening on Journal Socket (/dev/log).
[   10.643172] systemd[1]: Listening on udev Control Socket.
[[0;32m  OK  [0m] Listening on udev Control Socket.
[   10.651755] systemd[1]: Reached target Swap.
[[0;32m  OK  [0m] Reached target Swap.
[   10.659050] systemd[1]: Listening on LVM2 poll daemon socket.
[[0;32m  OK  [0m] Listening on LVM2 poll daemon socket.
[   10.668777] systemd[1]: Created slice system-serial\x2dgetty.slice.
[[0;32m  OK  [0m] Created slice system-serial\x2dgetty.slice.
[   10.678221] systemd[1]: Started Trigger resolvconf update for networkd DNS.
[[0;32m  OK  [0m] Started Trigger resolvconf update for networkd DNS.
[   10.689416] systemd[1]: Listening on Journal Socket.
[[0;32m  OK  [0m] Listening on Journal Socket.
[   10.708270] systemd[1]: Starting Nameserver information manager...
         Starting Nameserver information manager...
[   10.723191] systemd[1]: Mounting Debug File System...
         Mounting Debug File System...
[   10.733342] systemd[1]: Starting Set console keymap...
         Starting Set console keymap...
[   10.749550] systemd[1]: Mounting Huge Pages File System...
         Mounting Huge Pages File System...
[   10.764201] systemd[1]: Starting Uncomplicated firewall...
         Starting Uncomplicated firewall...
[   10.779913] systemd[1]: Starting Create list of required static device nodes for the current kernel...
         Starting Create list of required st... nodes for the current kernel...
[   10.810899] systemd[1]: Starting Remount Root and Kernel File Systems...
         Starting Remount Root and Kernel File Systems...
[   10.845738] EXT4-fs (sda1): re-mounted. Opts: (null)
[   10.896526] systemd[1]: Mounting POSIX Message Queue File System...
         Mounting POSIX Message Queue File System...
[   10.921775] systemd[1]: Listening on Journal Audit Socket.
[[0;32m  OK  [0m] Listening on Journal Audit Socket.
[   10.948676] systemd[1]: Starting Journal Service...
[   10.953638] random: nonblocking pool is initialized
         Starting Journal Service...
[   10.963968] systemd[1]: Listening on Device-mapper event daemon FIFOs.
[[0;32m  OK  [0m] Listening on Device-mapper event daemon FIFOs.
[   10.974772] systemd[1]: Starting Monitoring of LVM2 mirrors, snapshots etc. using dmeventd or progress polling...
         Starting Monitoring of LVM2 mirrors... dmeventd or progress polling...
[   11.028466] systemd[1]: Starting Load Kernel Modules...
         Starting Load Kernel Modules...
[   11.044453] systemd[1]: Mounted POSIX Message Queue File System.
[[0;32m  OK  [0m] Mounted POSIX Message Queue File System.
[   11.056306] systemd[1]: Mounted Debug File System.
[[0;32m  OK  [0m] Mounted Debug File System.
[   11.066845] systemd[1]: Mounted Huge Pages File System.
[[0;32m  OK  [0m] Mounted Huge Pages File System.
[   11.097364] systemd[1]: Started Set console keymap.
[[0;32m  OK  [0m] Started Set console keymap.
[   11.106584] systemd[1]: Started Uncomplicated firewall.
[[0;32m  OK  [0m] Started Uncomplicated firewall.
[   11.116217] systemd[1]: Started Create list of required static device nodes for the current kernel.
[[0;32m  OK  [0m] Started Create list of required sta...ce nodes for the current kernel.
[   11.130684] systemd[1]: Started Remount Root and Kernel File Systems.
[[0;32m  OK  [0m] Started Remount Root and Kernel File Systems.
[   11.164454] systemd[1]: Started Nameserver information manager.
[[0;32m  OK  [0m] Started Nameserver information manager.
[   11.187049] Loading iSCSI transport class v2.0-870.
[   11.204677] systemd[1]: Started Journal Service.
[[0;32m  OK  [0m] Started Journal Service.
[   11.232091] iscsi: registered transport (tcp)
         Starting Load/Save Random Seed...
         Starting Flush Journal to Persistent Storage...
         Starting udev Coldplug all Devices...
         Starting Create Static Device Nodes in /dev...
[[0;32m  OK  [0m] Started Load/Save Random Seed.
[[0;32m  OK  [0m] Started LVM2 metadata daemon.
[   11.726577] systemd-journald[395]: Received request to flush runtime journal from PID 1
[[0;32m  OK  [0m] Started Flush Journal to Persistent Storage.
[   11.826522] iscsi: registered transport (iser)
[[0;32m  OK  [0m] Started Load Kernel Modules.
         Mounting FUSE Control File System...
         Starting Apply Kernel Variables...
[[0;32m  OK  [0m] Mounted FUSE Control File System.
[[0;32m  OK  [0m] Started Create Static Device Nodes in /dev.
[[0;32m  OK  [0m] Started udev Coldplug all Devices.
         Starting udev Kernel Device Manager...
[[0;32m  OK  [0m] Started Apply Kernel Variables.
[[0;32m  OK  [0m] Started Monitoring of LVM2 mirrors,...ng dmeventd or progress polling.
[[0;32m  OK  [0m] Reached target Local File Systems (Pre).
[[0;32m  OK  [0m] Reached target Local File Systems.
         Starting Tell Plymouth To Write Out Runtime Data...
         Starting Create Volatile Files and Directories...
         Starting Initial cloud-init job (pre-networking)...
         Starting Set console font and keymap...
         Starting LSB: AppArmor initialization...
         Starting Commit a transient machine-id on disk...
[[0;32m  OK  [0m] Started udev Kernel Device Manager.
[[0;32m  OK  [0m] Started Tell Plymouth To Write Out Runtime Data.
[[0;32m  OK  [0m] Started Create Volatile Files and Directories.
[[0;32m  OK  [0m] Started Commit a transient machine-id on disk.
         Starting Update UTMP about System Boot/Shutdown...
[[0;32m  OK  [0m] Started Dispatch Password Requests to Console Directory Watch.
[[0;32m  OK  [0m] Started Update UTMP about System Boot/Shutdown.
[[0;32m  OK  [0m] Found device /dev/ttyS0.
[[0;32m  OK  [0m] Listening on Load/Save RF Kill Switch Status /dev/rfkill Watch.
[[0;32m  OK  [0m] Started LSB: AppArmor initialization.
[[0;32m  OK  [0m] Started Set console font and keymap.
[[0;32m  OK  [0m] Created slice system-getty.slice.
[   14.164419] cloud-init[482]: Cloud-init v. 19.1-1-gbaa47854-0ubuntu1~16.04.1 running 'init-local' at Fri, 16 Aug 2019 03:35:20 +0000. Up 13.68 seconds.
[[0;32m  OK  [0m] Started Initial cloud-init job (pre-networking).
[[0;32m  OK  [0m] Reached target Network (Pre).
         Starting Raise network interfaces...
[[0;32m  OK  [0m] Started Raise network interfaces.
[[0;32m  OK  [0m] Reached target Network.
         Starting Initial cloud-init job (metadata service crawler)...
[   16.138814] cloud-init[961]: Cloud-init v. 19.1-1-gbaa47854-0ubuntu1~16.04.1 running 'init' at Fri, 16 Aug 2019 03:35:21 +0000. Up 14.98 seconds.
[   16.148792] cloud-init[961]: ci-info: ++++++++++++++++++++++++++++++++++++++Net device info+++++++++++++++++++++++++++++++++++++++
[   16.157598] cloud-init[961]: ci-info: +--------+-------+----------------------------+---------------+--------+-------------------+
[   16.166328] cloud-init[961]: ci-info: | Device |   Up  |          Address           |      Mask     | Scope  |     Hw-Address    |
[   16.175076] cloud-init[961]: ci-info: +--------+-------+----------------------------+---------------+--------+-------------------+
[   16.184332] cloud-init[961]: ci-info: | enp0s3 |  True |         10.0.2.15          | 255.255.255.0 | global | 02:cf:25:3b:33:74 |
[   16.193341] cloud-init[961]: ci-info: | enp0s3 |  True | fe80::cf:25ff:fe3b:3374/64 |       .       |  link  | 02:cf:25:3b:33:74 |
[   16.202058] cloud-init[961]: ci-info: | enp0s8 | False |             .              |       .       |   .    | 08:00:27:10:8a:a6 |
[   16.210957] cloud-init[961]: ci-info: |   lo   |  True |         127.0.0.1          |   255.0.0.0   |  host  |         .         |
[   16.219880] cloud-init[961]: ci-info: |   lo   |  True |          ::1/128           |       .       |  host  |         .         |
[   16.228505] cloud-init[961]: ci-info: +--------+-------+----------------------------+---------------+--------+-------------------+
[   16.237210] cloud-init[961]: ci-info: +++++++++++++++++++++++++++Route IPv4 info++++++++++++++++++++++++++++
[   16.244752] cloud-init[961]: ci-info: +-------+-------------+----------+---------------+-----------+-------+
[   16.252154] cloud-init[961]: ci-info: | Route | Destination | Gateway  |    Genmask    | Interface | Flags |
[   16.259813] cloud-init[961]: ci-info: +-------+-------------+----------+---------------+-----------+-------+
[   16.267573] cloud-init[961]: ci-info: |   0   |   0.0.0.0   | 10.0.2.2 |    0.0.0.0    |   enp0s3  |   UG  |
[   16.274988] cloud-init[961]: ci-info: |   1   |   10.0.2.0  | 0.0.0.0  | 255.255.255.0 |   enp0s3  |   U   |
[   16.283703] cloud-init[961]: ci-info: +-------+-------------+----------+---------------+-----------+-------+
[   16.291391] cloud-init[961]: ci-info: +++++++++++++++++++Route IPv6 info+++++++++++++++++++
[   16.297996] cloud-init[961]: ci-info: +-------+-------------+---------+-----------+-------+
[   16.304674] cloud-init[961]: ci-info: | Route | Destination | Gateway | Interface | Flags |
[   16.311428] cloud-init[961]: ci-info: +-------+-------------+---------+-----------+-------+
[   16.317800] cloud-init[961]: ci-info: |   0   |  fe80::/64  |    ::   |   enp0s3  |   U   |
[   16.324454] cloud-init[961]: ci-info: |   3   |   ff00::/8  |    ::   |   enp0s3  |   U   |
[   16.331279] cloud-init[961]: ci-info: +-------+-------------+---------+-----------+-------+
[   16.337838] cloud-init[961]: Generating public/private rsa key pair.
[   16.343243] cloud-init[961]: Your identification has been saved in /etc/ssh/ssh_host_rsa_key.
[   16.350125] cloud-init[961]: Your public key has been saved in /etc/ssh/ssh_host_rsa_key.pub.
[   16.358164] cloud-init[961]: The key fingerprint is:
[   16.362597] cloud-init[961]: SHA256:4/52I8To7XS9xknqxSkJlUcuI1uryxlho/SlOFsNxpg root@ubuntu-xenial
[   16.370039] cloud-init[961]: The key's randomart image is:
[   16.374814] cloud-init[961]: +---[RSA 2048]----+
[   16.379886] cloud-init[961]: |              .  |
[   16.384159] cloud-init[961]: |             +   |
[   16.388486] cloud-init[961]: |          . * o  |
[   16.392847] cloud-init[961]: |         + = =   |
[   16.397847] cloud-init[961]: |        EoX o    |
[   16.402228] cloud-init[961]: |       o.BoX +.. |
[   16.406618] cloud-init[961]: |       .=oB =+=. |
[   16.410888] cloud-init[961]: |       ..*+=+o+. |
[   16.415121] cloud-init[961]: |        o+*+.o.  |
[   16.419402] cloud-init[961]: +----[SHA256]-----+
[[0;32m  OK  [0m] Started Initial cloud-init job (metadata service crawler).
[[0;32m  OK  [0m] Reached target Cloud-config availability.
[[0;32m  OK  [0m] Reached target Network is Online.
[   16.423651] cloud-init[961]: Generating public/private dsa key pair.
[   16.443321] cloud-init[961]: Your identification has been saved in /etc/ssh/ssh_host_dsa_key.
[   16.449962] cloud-init[961]: Your public key has been saved in /etc/ssh/ssh_host_dsa_key.pub.
[   16.458471]          Starting iSCSI initiator daemon (iscsid)...
[[0;32m  OK  [0m] Reached target System Initialization.
cloud-init[961]: The key fingerprint is:
[[0;32m  OK  [0m] Started ACPI Events Check.
[   16.473294] [[0;32m  OK  [0m] Reached target Paths.
[[0;32m  OK  [0m] Listening on UUID daemon activation socket.
         Starting Socket activation for snappy daemon.
[[0;32m  OK  [0m] Started Daily apt download activities.
cloud-init[961]: SHA256:TbWZaaQc9P2OlT64ZtC/b6F3jY9RJVVQPG8GYWb610s root@ubuntu-xenial
[   16.493947] cloud-init[961]: The key's randomart image is:
[   16.494804] cloud-init[961]: +---[DSA 1024]----+
[   16.498379] cloud-init[961]: |         .o o *==|
[   16.502012] cloud-init[961]: |         . * @.o.|
[   16.504162] cloud-init[961]: |          + O o.+|
[   16.505789] cloud-init[961]: |         o . . oB|
[   16.510772] cloud-init[961]: |        S . . .E*|
[   16.512950] cloud-init[961]: |           . .+B.|
[   16.514775] cloud-init[961]: |            ..==+|
[   16.519597] cloud-init[961]: |             +o==|
[   16.521840] cloud-init[961]: |            o.o+*|
[   16.525437] cloud-init[961]: +----[SHA256]-----+
[   16.527510] cloud-init[961]: Generating public/private ecdsa key pair.
[   16.531222] cloud-init[961]: Your identification has been saved in /etc/ssh/ssh_host_ecdsa_key.
[   16.535400] cloud-init[961]: Your public key has been saved in /etc/ssh/ssh_host_ecdsa_key.pub.
[   16.542351] cloud-init[961]: The key fingerprint is:
         Starting LXD - unix socket.
[   16.543302] cloud-init[961]: SHA256:aKZNh3EXy2huN4jSpdmn0GzO5Pgmehf0sNxtz8AkpNQ root@ubuntu-xenial
[   16.558555] cloud-init[961]: The key's randomart image is:
[[0;32m  OK  [0m] Listening on D-Bus System Message Bus Socket.
[   16.567969] [[0;32m  OK  [0m] Started Daily apt upgrade and clean activities.
[[0;32m  OK  [0m] Listening on ACPID Listen Socket.
[[0;32m  OK  [0m] Started Daily Cleanup of Temporary Directories.
[cloud-init[0;32m  OK  [0m] Reached target Timers.
[[0;32m  OK  [0m] Listening on Socket activation for snappy daemon.
[[0;32m  OK  [0m] Listening on LXD - unix socket.
[961]: +---[ECDSA 256]---+[
[0;32m  OK  [0m] Reached target Sockets.
[   16.597892] [[0;32m  OK  [0m] Reached target Basic System.
cloud-init[961]: |         ..      |
[   16.606385] cloud-init[961]: |        .oEo     |
         Starting Virtualbox guest utils...
[   16.611532] cloud-init[[0;32m  OK  [0m] Started ACPI event daemon.
[[0;32m  OK  [0m] Started D-Bus System Message Bus.
[961]: |      ..=o+      |
[   16.626995] cloud-init[961]: |     . /+o. .    |
[   16.636364] cloud-init[961]: |    . %oS=+=     |
[   16.641031] cloud-init[961]: |     B @++o.=    |
[   16.645377] cloud-init[961]: |    . o =. . +   |
[   16.657662] cloud-init[961]: |      o.o     o  |
[   16.668080] cloud-init[961]: |    .o +.        |
[   16.681851] cloud-init[961]: +----[SHA256]-----+
[   16.708716] cloud-init[961]: Generating public/private ed25519 key pair.
[   16.721953] cloud-init[961]: Your identification has been saved in /etc/ssh/ssh_host_ed25519_key.
[   16.743568] cloud-init[961]: Your public key has been saved in /etc/ssh/ssh_host_ed25519_key.pub.
[   16.765071] cloud-init[961]: The key fingerprint is:
[   16.789066] cloud-init[961]: SHA256:7DNFIWeOk9Gqef9K9VlmHnSaKdLOkdfhfOqb5j7WpuQ root@ubuntu-xenial
[   16.790596] cloud-init[961]: The key's randomart image is:
[[0;32m  OK  [0m] Started FUSE filesystem for LXC.
[   16.791631] cloud-init[961]: +--[ED25519 256]--+
[   16.813567] cloud-init[961]: |        o.+      |
[   16.814472] cloud-init[961]: |         O..     |
         Starting /etc/rc.local Compatibility...
         Starting LSB: Record successful boot for GRUB...
[[0;32m  OK  [0m] Started Deferred execution scheduler.
[   16.817034] cloud-init[961]: |        +.o    o.|
[   16.842821]          cloud-initStarting LSB: MD monitoring daemon...[961]: 
|       ..o . .+=o|
[   16.851863] cloud-init[961]: |       oS o * =+*|
[   16.857502] cloud-init[961]: |      o... = = Bo|
[   16.861933] cloud-init[961]: |       .+.. o =..|
[   16.867736]          Starting Pollinate to seed the pseudo random number generator...
cloud-init[961]: |         +.  ++.o|
         Starting LXD - container startup/shutdown...
[   16.877847] cloud-init[961]: |          .o.=E= |
[   16.893271] cloud-init[961]: +----[SHA256]-----+
         Starting Accounts Service...
[[0;32m  OK  [0m] Started Regular background program processing daemon.
         Starting System Logging Service...
         Starting Login Service...
         Starting Snappy daemon...
[[0;32m  OK  [0m] Started /etc/rc.local Compatibility.
[[0;32m  OK  [0m] Started iSCSI initiator daemon (iscsid).
         Starting Login to default iSCSI targets...
[[0;32m  OK  [0m] Started Login Service.
[[0;32m  OK  [0m] Started Unattended Upgrades Shutdown.
[[0;32m  OK  [0m] Started LSB: Record successful boot for GRUB.
[[0;32m  OK  [0m] Started LSB: MD monitoring daemon.
[[0;32m  OK  [0m] Started System Logging Service.
[[0;32m  OK  [0m] Started Login to default iSCSI targets.
[[0;32m  OK  [0m] Reached target Remote File Systems (Pre).
[[0;32m  OK  [0m] Reached target Remote File Systems.
         Starting LSB: Set the CPU Frequency Scaling governor to "ondemand"...
         Starting LSB: daemon to balance interrupts for SMP systems...
         Starting Permit User Sessions...
         Starting LSB: automatic crash report generation...
[[0;32m  OK  [0m] Started Permit User Sessions.
         Starting Terminate Plymouth Boot Screen...
         Starting Hold until boot process finishes up...
[[0;32m  OK  [0m] Started LSB: Set the CPU Frequency Scaling governor to "ondemand".
[[0;32m  OK  [0m] Started Terminate Plymouth Boot Screen.
[[0;32m  OK  [0m] Started Hold until boot process finishes up.
[[0;32m  OK  [0m] Started Virtualbox guest utils.
[[0;32m  OK  [0m] Started LSB: daemon to balance interrupts for SMP systems.
         Starting Authenticate and Authorize Users to Run Privileged Tasks...
         Starting Set console scheme...
[[0;32m  OK  [0m] Started Serial Getty on ttyS0.
[[0;32m  OK  [0m] Started Getty on tty1.
[[0;32m  OK  [0m] Reached target Login Prompts.
[[0;32m  OK  [0m] Started LSB: automatic crash report generation.
[[0;32m  OK  [0m] Started Set console scheme.
[[0;32m  OK  [0m] Started Authenticate and Authorize Users to Run Privileged Tasks.
[[0;32m  OK  [0m] Started Accounts Service.
[[0;32m  OK  [0m] Started LXD - container startup/shutdown.
[[0;32m  OK  [0m] Started Snappy daemon.
         Starting Wait until snapd is fully seeded...
[[0;32m  OK  [0m] Started Pollinate to seed the pseudo random number generator.
         Starting OpenBSD Secure Shell server...
[[0;32m  OK  [0m] Started OpenBSD Secure Shell server.
[[0;32m  OK  [0m] Created slice User Slice of vagrant.
         Starting User Manager for UID 1000...
[[0;32m  OK  [0m] Started Session 1 of user vagrant.
[[0;32m  OK  [0m] Started User Manager for UID 1000.

Ubuntu 16.04.6 LTS ubuntu-xenial ttyS0

ubuntu-xenial login: [   23.996809] cloud-init[1608]: Generating locales (this might take a while)...
[   25.092697] cloud-init[1608]:   en_US.UTF-8... done
[   25.097133] cloud-init[1608]: Generation complete.
[   25.841910] cloud-init[1608]: Cloud-init v. 19.1-1-gbaa47854-0ubuntu1~16.04.1 running 'modules:config' at Fri, 16 Aug 2019 03:35:30 +0000. Up 23.79 seconds.
ci-info: no authorized ssh keys fingerprints found for user ubuntu.
<14>Aug 16 03:35:33 ec2: 
<14>Aug 16 03:35:33 ec2: #############################################################
<14>Aug 16 03:35:33 ec2: -----BEGIN SSH HOST KEY FINGERPRINTS-----
<14>Aug 16 03:35:33 ec2: 1024 SHA256:TbWZaaQc9P2OlT64ZtC/b6F3jY9RJVVQPG8GYWb610s root@ubuntu-xenial (DSA)
<14>Aug 16 03:35:33 ec2: 256 SHA256:aKZNh3EXy2huN4jSpdmn0GzO5Pgmehf0sNxtz8AkpNQ root@ubuntu-xenial (ECDSA)
<14>Aug 16 03:35:33 ec2: 256 SHA256:7DNFIWeOk9Gqef9K9VlmHnSaKdLOkdfhfOqb5j7WpuQ root@ubuntu-xenial (ED25519)
<14>Aug 16 03:35:33 ec2: 2048 SHA256:4/52I8To7XS9xknqxSkJlUcuI1uryxlho/SlOFsNxpg root@ubuntu-xenial (RSA)
<14>Aug 16 03:35:33 ec2: -----END SSH HOST KEY FINGERPRINTS-----
<14>Aug 16 03:35:33 ec2: #############################################################
-----BEGIN SSH HOST KEY KEYS-----
ecdsa-sha2-nistp256 AAAAE2VjZHNhLXNoYTItbmlzdHAyNTYAAAAIbmlzdHAyNTYAAABBBCVUcYeH3lyqcB31iTuO77fut3t7nfypai/ZcPVED9a3uZIUDk0RdP/5UOuFBV/fKyTtOx7PSYUMspz6jm6WbZw= root@ubuntu-xenial
ssh-ed25519 AAAAC3NzaC1lZDI1NTE5AAAAIPj6ThMNkFPSx7kiB3dm71NJoa613QL68zqsRWKKhzGF root@ubuntu-xenial
ssh-rsa AAAAB3NzaC1yc2EAAAADAQABAAABAQC3aa+sXvOnA0wKntHv5dbfYD2dqlnWsJ+WGB327RIpA46AfGwPNA51ziv6huYwfJFIU+lpBKoAwZ1zABWmbB/SRTgVT0nMcLionSX09Inut8h3/gz+4RXwImYd9ORXqwxqhE3z6KmehX1dUSMhTXiG9oscH7SvLjkEcZkQE1U6ytZKDfA52ipxfJVzvh4pm6n29L6wuCf76TOgX538lu4tjaPCb28pJKcJGvYC+r4S/QBQgnKRU38ksumjYSpRyrWDc8srzsJySgQkckVDkJe7ZEZ5gqUCLqQzX4j3U1PSjMcWnvY4f9BfkxRaYqPFaqClssvAa7Uvxfd0Ntp6oVS/ root@ubuntu-xenial
-----END SSH HOST KEY KEYS-----
[   26.735643] cloud-init[1857]: Cloud-init v. 19.1-1-gbaa47854-0ubuntu1~16.04.1 running 'modules:final' at Fri, 16 Aug 2019 03:35:33 +0000. Up 26.40 seconds.
[   26.736255] cloud-init[1857]: ci-info: no authorized ssh keys fingerprints found for user ubuntu.
[   26.736716] cloud-init[1857]: Cloud-init v. 19.1-1-gbaa47854-0ubuntu1~16.04.1 finished at Fri, 16 Aug 2019 03:35:33 +0000. Datasource DataSourceNoCloud [seed=/dev/sdb][dsmode=net].  Up 26.68 seconds
